
> homepage@0.1.0 build
> next build

??Next.js 16.2.4 (Turbopack)
- Environments: .env.local

node.exe : ??The "middl
eware" file convention 
is deprecated. Please u
se "proxy" instead. Lea
rn more: https://nextjs
.org/docs/messages/midd
leware-to-proxy
위치 줄:1 문자:1
+ & "C:\Program Files\n
odejs/node.exe" "C:\Pro
gram Files\nodejs/node_
mo ...
+ ~~~~~~~~~~~~~~~~~~~~~
~~~~~~~~~~~~~~~~~~~~~~~
~~~~~~~~~~~~~~~~~~~~~~~
~~
    + CategoryInfo     
         : NotSpecifi  
  ed: (??The "middle   
 wa...leware-to-pro    
xy:String) [], Rem    o
teException
    + FullyQualifiedEr 
   rorId : NativeComm  
  andError
 
  Creating an optimized production build ...

> Build error occurred
Error: Turbopack build 
failed with 2 errors:
./src/app/[tenant_id]/t
emplates/template01/map
/page.tsx:2:1
Module not found: Can't
 resolve '../../../map/
MapClient'
  [90m1 |[0m [36mimp
ort[0m { [33mSuspense
[0m } [36mfrom[0m [
32m'react'[0m;
[31m[1m>[0m [90m2 |
[0m [36mimport[0m [
33mMapClient[0m [36mf
rom[0m [32m'../../../
map/MapClient'[0m;
  [90m  |[0m [31m[1
m^^^^^^^^^^^^^^^^^^^^^^
^^^^^^^^^^^^^^^^^^^^^^^
^^[0m
  [90m3 |[0m [36mimp
ort[0m { getVacancies 
} [36mfrom[0m [32m'@
/app/actions/vacancy'[
0m;
  [90m4 |[0m
  [90m5 |[0m [36mexp
ort[0m [36mconst[0m 
revalidate = [35m60[0
m;



https://nextjs.org/docs
/messages/module-not-fo
und


./src/app/[tenant_id]/t
emplates/template02/map
/page.tsx:2:1
Module not found: Can't
 resolve '../../../map/
MapClient'
  [90m1 |[0m [36mimp
ort[0m { [33mSuspense
[0m } [36mfrom[0m [
32m'react'[0m;
[31m[1m>[0m [90m2 |
[0m [36mimport[0m [
33mMapClient[0m [36mf
rom[0m [32m'../../../
map/MapClient'[0m;
  [90m  |[0m [31m[1
m^^^^^^^^^^^^^^^^^^^^^^
^^^^^^^^^^^^^^^^^^^^^^^
^^[0m
  [90m3 |[0m [36mimp
ort[0m { getVacancies 
} [36mfrom[0m [32m'@
/app/actions/vacancy'[
0m;
  [90m4 |[0m
  [90m5 |[0m [36mexp
ort[0m [36mconst[0m 
revalidate = [35m60[0
m;



https://nextjs.org/docs
/messages/module-not-fo
und


    at <unknown> (./src
/app/[tenant_id]/templa
tes/template01/map/page
.tsx:2:1)
    at <unknown> (https
://nextjs.org/docs/mess
ages/module-not-found)
    at <unknown> (./src
/app/[tenant_id]/templa
tes/template02/map/page
.tsx:2:1)
    at <unknown> (https
://nextjs.org/docs/mess
ages/module-not-found)
