??Next.js 16.2.4 (Turbopack)
- Environments: .env.local

node.exe : ??The "middl
eware" file convention 
is deprecated. Please u
se "proxy" instead. Lea
rn more: https://nextjs
.org/docs/messages/midd
leware-to-proxy
위치 줄:1 문자:1
+ & "C:\Program Files\n
odejs/node.exe" "C:\Pro
gram Files\nodejs/node_
mo ...
+ ~~~~~~~~~~~~~~~~~~~~~
~~~~~~~~~~~~~~~~~~~~~~~
~~~~~~~~~~~~~~~~~~~~~~~
~~
    + CategoryInfo     
         : NotSpecifi  
  ed: (??The "middle   
 wa...leware-to-pro    
xy:String) [], Rem    o
teException
    + FullyQualifiedEr 
   rorId : NativeComm  
  andError
 
  Creating an optimized production build ...

> Build error occurred
Error: Turbopack build 
failed with 1 errors:
./src/app/[tenant_id]/p
roperties/page.tsx:1:17
You're importing a modu
le that depends on `use
State` into a React Ser
ver Component module. T
his API is only availab
le in Client Components
. To fix, mark the file
 (or its parent) with t
he `"use client"` direc
tive.
    Learn more: https:/
/nextjs.org/docs/app/ap
i-reference/directives/
use-client
[31m[1m>[0m [90m1 |
[0m [36mimport[0m [
33mReact[0m, { useStat
e } [36mfrom[0m [32m
'react'[0m;
  [90m  |[0m         
        [31m[1m^^^^^^
^^[0m
  [90m2 |[0m [36mimp
ort[0m [33mHeader[0m
 [36mfrom[0m [32m'@/
components/templates/te
mplate01/Header01'[0m;
  [90m3 |[0m [36mimp
ort[0m [33mFooter[0m
 [36mfrom[0m [32m'@/
components/templates/te
mplate01/Footer01'[0m;
  [90m4 |[0m [36mimp
ort[0m [33mPropertyCa
rd01[0m [36mfrom[0m 
[32m'@/components/temp
lates/template01/Proper
tyCard01'[0m;

Ecmascript file had an 
error


    at <unknown> (./src
/app/[tenant_id]/proper
ties/page.tsx:1:17)
